// Jest Snapshot v1, https://goo.gl/fbAQLP

exports[`Test AppbarButton Should match snapshot 1`] = `
<View
  accessible={true}
  collapsable={false}
  focusable={true}
  onBlur={[Function]}
  onClick={[Function]}
  onFocus={[Function]}
  onResponderGrant={[Function]}
  onResponderMove={[Function]}
  onResponderRelease={[Function]}
  onResponderTerminate={[Function]}
  onResponderTerminationRequest={[Function]}
  onStartShouldSetResponder={[Function]}
  style={
    Object {
      "marginHorizontal": 5,
    }
  }
  testID="AppbarButton"
>
  <Text />
</View>
`;
