// Jest Snapshot v1, https://goo.gl/fbAQLP

exports[`Test NewsDetailScreen Should match snapshot 1`] = `
<View
  style={
    Object {
      "flex": 1,
    }
  }
>
  <View
    animated={true}
    animationConfig={
      Object {
        "bounciness": 0,
      }
    }
    animationType="spring"
    indeterminate={false}
    indeterminateAnimationDuration={1000}
    onLayout={[Function]}
    progress={0}
    style={
      Array [
        Object {
          "backgroundColor": "#f7f7f7",
          "borderColor": "#0a3b77",
          "borderRadius": 0,
          "borderWidth": 0,
          "overflow": "hidden",
          "width": 750,
        },
        undefined,
      ]
    }
    useNativeDriver={true}
  >
    <View
      style={
        Object {
          "backgroundColor": "#0a3b77",
          "height": 3,
          "transform": Array [
            Object {
              "translateX": -2.842170943040401e-14,
            },
            Object {
              "translateX": -375,
            },
            Object {
              "scaleX": 0.0001,
            },
          ],
        }
      }
    />
  </View>
  <View
    style={
      Array [
        Object {
          "flex": 1,
          "overflow": "hidden",
        },
        undefined,
      ]
    }
  >
    <RNCWebView
      cacheEnabled={true}
      injectedJavaScript="
    if (window.location.href === 'about:blank') {
      document.body.style.color = \\"#101010\\";
      document.body.style.fontSize = \\"2.25rem\\";
      document.body.style.padding = \\"8px\\";

      const figures = document.querySelectorAll(\\"figure\\");
      figures.forEach((f) => {
        f.style.margin = 0;
        f.style.fontSize = \\"2.0rem\\";
        f.style.fontStyle = \\"italic\\";
      });

      const images = document.querySelectorAll(\\"img\\");
      images.forEach((i) => {
        i.style.marginRight = \\"16px\\";
      });

      const links = document.querySelectorAll(\\"a\\");
      links.forEach((l) => {
        l.style.color = \\"#101010\\";
      });
    }

    true;
    "
      injectedJavaScriptBeforeContentLoadedForMainFrameOnly={true}
      injectedJavaScriptForMainFrameOnly={true}
      javaScriptEnabled={true}
      messagingEnabled={false}
      onContentProcessDidTerminate={[Function]}
      onHttpError={[Function]}
      onLayout={[Function]}
      onLoadingError={[Function]}
      onLoadingFinish={[Function]}
      onLoadingProgress={[Function]}
      onLoadingStart={[Function]}
      onMessage={[Function]}
      onScroll={[Function]}
      onShouldStartLoadWithRequest={[Function]}
      scalesPageToFit={true}
      source={
        Object {
          "html": "Test",
        }
      }
      style={
        Array [
          Object {
            "flex": 1,
            "overflow": "hidden",
          },
          Object {
            "backgroundColor": "#ffffff",
          },
          Object {
            "backgroundColor": "#f7f7f7",
          },
        ]
      }
      useSharedProcessPool={true}
    />
  </View>
</View>
`;
