// Jest Snapshot v1, https://goo.gl/fbAQLP

exports[`Test AboutSection Should match snapshot 1`] = `
<RCTScrollView
  data={
    Array [
      Object {
        "data": Array [
          Object {
            "icon": "logo-android",
            "title": "mock",
            "value": "mock",
          },
          Object {
            "icon": "person",
            "link": "https://github.com/Jankku/",
            "title": "Developer",
            "value": "Jankku",
          },
          Object {
            "icon": "logo-github",
            "link": "https://github.com/Jankku/rn-rss-reader",
            "title": "GitHub",
            "value": "https://github.com/Jankku/rn-rss-reader",
          },
        ],
        "title": "About",
      },
    ]
  }
  disableVirtualization={false}
  getItem={[Function]}
  getItemCount={[Function]}
  horizontal={false}
  initialNumToRender={10}
  keyExtractor={[Function]}
  maxToRenderPerBatch={10}
  onContentSizeChange={[Function]}
  onEndReachedThreshold={2}
  onLayout={[Function]}
  onMomentumScrollEnd={[Function]}
  onScroll={[Function]}
  onScrollBeginDrag={[Function]}
  onScrollEndDrag={[Function]}
  renderItem={[Function]}
  scrollEventThrottle={50}
  stickyHeaderIndices={
    Array [
      0,
    ]
  }
  updateCellsBatchingPeriod={50}
  windowSize={21}
>
  <View>
    <View
      onLayout={[Function]}
      style={null}
    >
      <Text
        style={
          Object {
            "color": "rgb(28, 28, 30)",
            "fontSize": 22,
            "fontWeight": "700",
            "paddingHorizontal": 16,
            "paddingVertical": 8,
          }
        }
      >
        About
      </Text>
    </View>
    <View
      onLayout={[Function]}
      style={null}
    >
      <View>
        <View
          accessible={true}
          collapsable={false}
          focusable={true}
          onBlur={[Function]}
          onClick={[Function]}
          onFocus={[Function]}
          onResponderGrant={[Function]}
          onResponderMove={[Function]}
          onResponderRelease={[Function]}
          onResponderTerminate={[Function]}
          onResponderTerminationRequest={[Function]}
          onStartShouldSetResponder={[Function]}
          style={
            Object {
              "backgroundColor": "rgb(255, 255, 255)",
              "padding": 16,
            }
          }
        >
          <View
            style={
              Object {
                "alignContent": "center",
                "alignItems": "center",
                "flexDirection": "row",
              }
            }
          >
            <Text />
            <View>
              <Text
                style={
                  Object {
                    "color": "rgb(28, 28, 30)",
                    "fontSize": 16,
                    "fontWeight": "700",
                  }
                }
              >
                mock
              </Text>
              <Text
                style={
                  Object {
                    "color": "rgb(28, 28, 30)",
                  }
                }
              >
                mock
              </Text>
            </View>
          </View>
        </View>
        <View
          style={
            Object {
              "backgroundColor": "rgb(216, 216, 216)",
              "height": 1,
            }
          }
        />
      </View>
    </View>
    <View
      onLayout={[Function]}
      style={null}
    >
      <View>
        <View
          accessible={true}
          collapsable={false}
          focusable={true}
          onBlur={[Function]}
          onClick={[Function]}
          onFocus={[Function]}
          onResponderGrant={[Function]}
          onResponderMove={[Function]}
          onResponderRelease={[Function]}
          onResponderTerminate={[Function]}
          onResponderTerminationRequest={[Function]}
          onStartShouldSetResponder={[Function]}
          style={
            Object {
              "backgroundColor": "rgb(255, 255, 255)",
              "padding": 16,
            }
          }
        >
          <View
            style={
              Object {
                "alignContent": "center",
                "alignItems": "center",
                "flexDirection": "row",
              }
            }
          >
            <Text />
            <View>
              <Text
                style={
                  Object {
                    "color": "rgb(28, 28, 30)",
                    "fontSize": 16,
                    "fontWeight": "700",
                  }
                }
              >
                Developer
              </Text>
              <Text
                style={
                  Object {
                    "color": "rgb(28, 28, 30)",
                  }
                }
              >
                Jankku
              </Text>
            </View>
          </View>
        </View>
        <View
          style={
            Object {
              "backgroundColor": "rgb(216, 216, 216)",
              "height": 1,
            }
          }
        />
      </View>
    </View>
    <View
      onLayout={[Function]}
      style={null}
    >
      <View
        accessible={true}
        collapsable={false}
        focusable={true}
        onBlur={[Function]}
        onClick={[Function]}
        onFocus={[Function]}
        onResponderGrant={[Function]}
        onResponderMove={[Function]}
        onResponderRelease={[Function]}
        onResponderTerminate={[Function]}
        onResponderTerminationRequest={[Function]}
        onStartShouldSetResponder={[Function]}
        style={
          Object {
            "backgroundColor": "rgb(255, 255, 255)",
            "padding": 16,
          }
        }
      >
        <View
          style={
            Object {
              "alignContent": "center",
              "alignItems": "center",
              "flexDirection": "row",
            }
          }
        >
          <Text />
          <View>
            <Text
              style={
                Object {
                  "color": "rgb(28, 28, 30)",
                  "fontSize": 16,
                  "fontWeight": "700",
                }
              }
            >
              GitHub
            </Text>
            <Text
              style={
                Object {
                  "color": "rgb(28, 28, 30)",
                }
              }
            >
              https://github.com/Jankku/rn-rss-reader
            </Text>
          </View>
        </View>
      </View>
    </View>
    <View
      onLayout={[Function]}
      style={null}
    />
  </View>
</RCTScrollView>
`;
